manuall location admin only not working
login verification code not working
